[sansherwan2287.wixsite.com/website.html]
[static.parastorage.com/unpkg/core-js-bundle@3.2.1/minified.js]
[static.parastorage.com/unpkg/focus-within-polyfill@5.0.9/dist/focus-within-polyfill.js]
[polyfill.io/v3/polyfill.mind82c.js]
[sansherwan2287.wixsite.com/website/decodeURIComponent(e]
[backblue.gif]
[fade.gif]
[index.html]
[browser.sentry-cdn.com/5.21.4/bundle.min.js]
[sansherwan2287.wixsite.com/website/https_]
[sansherwan2287.wixsite.com/website/robots.txt]
[sansherwan2287.wixsite.com/website/sitemap.xml]
[sansherwan2287.wixsite.com/website/feed.xml]
[static.parastorage.com/services/wix-thunderbolt/dist/bootstrap-features.1e64b033.chunk.min.js]
[sansherwan2287.wixsite.com/website/$&/index.html]
[static.parastorage.com/services/wix-thunderbolt/dist/main.3fd92ad1.chunk.min.js]
[static.parastorage.com/unpkg/lodash@4.17.15/lodash.min.js]
[static.parastorage.com/services/wix-thunderbolt/dist/wix-code-sdk-providers.4c68c3ba.chunk.min.js]
[static.parastorage.com/services/wix-thunderbolt/dist/ooi.b03c54a4.chunk.min.js]
[static.parastorage.com/services/wix-thunderbolt/dist/siteMembers.480587e9.chunk.min.js]
[static.parastorage.com/services/wix-thunderbolt/dist/siteScrollBlocker.3fe2ba9a.chunk.min.js]
[static.parastorage.com/services/wix-thunderbolt/dist/tpaCommons.8b915a2a.chunk.min.js]
[static.parastorage.com/services/wix-thunderbolt/dist/windowMessageRegistrar.50f8594c.chunk.min.js]
[static.parastorage.com/services/wix-thunderbolt/dist/platform.5042b5e5.chunk.min.js]
[static.parastorage.com/services/wix-thunderbolt/dist/vendors_vendor-react-dom.3ba345cb.chunk.min.js]
[static.parastorage.com/services/wix-thunderbolt/dist/vendor-react-dom.96745445.chunk.min.js]
[static.parastorage.com/services/wix-vod-widget/1.1609.0/viewerScript.bundle.js]
[static.parastorage.com/services/editor-elements/dist/componentSdks.514e7ce9.bundle.min.js]
[static.parastorage.com/services/tag-manager-client/1.282.0/siteTags.bundle.min.js]
[sansherwan2287.wixsite.com/index.html]
[static.parastorage.com/services/editor-elements/dist/thunderboltElements.093d3329.bundle.min.js]
[static.parastorage.com/services/wix-perf-measure/1.388.0/wix-perf-measure.bundle.min.js]
[static.parastorage.com/services/wix-thunderbolt/dist/activePopup.7950aa3d.chunk.min.js]
[static.parastorage.com/services/wix-thunderbolt/dist/scrollRestoration.e998105a.chunk.min.js]
[static.parastorage.com/services/wix-thunderbolt/dist/backgroundScrub.0e274538.chunk.min.js]
[static.parastorage.com/services/wix-thunderbolt/dist/navigation.b179b037.chunk.min.js]
[static.parastorage.com/services/wix-thunderbolt/dist/onloadCompsBehaviors.92c76782.chunk.min.js]
[static.parastorage.com/services/wix-thunderbolt/dist/ooiTpaSharedConfig.a7898eca.chunk.min.js]
[static.parastorage.com/services/wix-thunderbolt/dist/pageAnchors.231982b5.chunk.min.js]
[static.parastorage.com/services/wix-thunderbolt/dist/pageScroll.e89f0407.chunk.min.js]
[static.parastorage.com/services/wix-thunderbolt/dist/pageTransitions.ade9c8aa.chunk.min.js]
[static.parastorage.com/services/wix-thunderbolt/dist/platformPubsub.084b4a83.chunk.min.js]
[static.parastorage.com/services/wix-thunderbolt/dist/protectedPages.fdd70151.chunk.min.js]
[static.parastorage.com/services/wix-thunderbolt/dist/scrollToAnchor.c44cfc1f.chunk.min.js]
[static.parastorage.com/services/wix-thunderbolt/dist/tpa.9a244c16.chunk.min.js]
[static.parastorage.com/services/wix-thunderbolt/dist/windowScroll.d204ada1.chunk.min.js]
[static.parastorage.com/services/editor-elements/dist/bootstrap-components-common.90b39880.chunk.min.js]
[static.parastorage.com/services/editor-elements/dist/bootstrap-components-classic.8c8a5ff7.chunk.min.js]
[static.parastorage.com/services/editor-elements/dist/bootstrap-components-responsive.c46b6b03.chunk.min.js]
[static.parastorage.com/services/editor-elements/dist/FreemiumBannerDesktop.54b4bb51.chunk.min.js]
[static.parastorage.com/services/wix-thunderbolt/dist/animations-vendors.a08ee5c3.chunk.min.js]
[static.wixstatic.com/media/230f35_15fa615c87934de0abaa77a6e9a910b9_mv2.png/v1/fill/w_118,h_119,al_c,usm_0.66_1.00_0.01,blur_3/GroupLogo.png]
[static.wixstatic.com/media/4dfc24ea66304932aaacfa4d6db7b069.jpg/v1/fill/w_90,h_91,al_c,q_80,usm_0.66_1.00_0.01,blur_2/4dfc24ea66304932aaacfa4d6db7b069.jpg]
[i.ytimg.com/vi/kyNMTKaE43g/maxresdefault.jpg]
[i.ytimg.com/vi/DKqUY2N6ZLI/maxresdefault.jpg]
[i.ytimg.com/vi/WIZslB2peT4/maxresdefault.jpg]
[sansherwan2287.wixsite.com/website/دەربارە.html]
[i.ytimg.com/vi/sxcCu-yRVdY/maxresdefault.jpg]
[i.ytimg.com/vi/qyCsmjGrCQw/maxresdefault.jpg]
[i.ytimg.com/vi/PNWARoLOI28/maxresdefault.jpg]
[i.ytimg.com/vi/rQVs8V8OkWM/maxresdefault.jpg]
[i.ytimg.com/vi/RNjFsl31M38/maxresdefault.jpg]
[static.wixstatic.com/media/0c75179372a945708430e7f8fd3fdad7.jpg/v1/fill/w_196,h_131,al_c,q_80,usm_0.66_1.00_0.01,blur_2/0c75179372a945708430e7f8fd3fdad7.jpg]
[sansherwan2287.wixsite.com/website.html]
[sansherwan2287.wixsite.com/website/decodeURIComponent(e.html]
[sansherwan2287.wixsite.com/website/https_.html]
[sansherwan2287.wixsite.com/website/robots.html]
[sansherwan2287.wixsite.com/website/feed.html]
[sansherwan2287.wixsite.com/website/$&/index.html]
[sansherwan2287.wixsite.com/index.html]
[sansherwan2287.wixsite.com/website/دەربارە.html]
